1. The table, read back from the page
   rows: 161, with a transcription: 161
   symbols: 2455 in all, 35 distinct
   not in Le Robert's French inventory: -

2. The sounds French has and English does not, as they occur here
   nasal vowels           ɑ̃ 79   ɛ̃ 22   ɔ̃ 83   œ̃ 32
   front rounded vowels   y 64   ø 7   œ 4
   ʁ, ɥ, ɲ                ʁ 170   ɥ 10   ɲ 0

3. Liaisons marked with ‿, by the consonant they add
   n‿  3
   t‿  1
   z‿  8
   ʁ‿  5
   of which optional, written (t)‿: 1

4. The worksheet's grammar point
   rows that are not headings: 142; among them with 'il y a': 36

5. Checks
   every symbol is a French phoneme:            True
   no stress mark and no length mark:           True
   all four nasal vowels occur:                 True
   /œ̃/ occurs (the Assimil dialogue had none):   True
   the liaisons add only z, n, t and ʁ:         True
