1. The forms of the four roots, grouped by sound
   /li/  7 forms, 5 spellings, 4 roots
      lit     le lit, the bed                               lectus
      lit     il lit, he reads (lire)                       legere
      lis     je lis, tu lis, I read, you read (lire)       legere
      lie     la lie, the dregs                             lia (Gaulish)
      lie     je lie, il lie, I tie, he ties (lier)         ligare
      lies    tu lies, you tie (lier)                       ligare
      lient   ils lient, they tie (lier)                    ligare
   /lje/  2 forms, 2 spellings, 1 root
      lier    to tie, the infinitive                        ligare
      lié     tied, the participle                          ligare
   /lis/  1 form, 1 spelling, 1 root
      lis     le lis, the lily (also lys)                   lilium
   /liz/  1 form, 1 spelling, 1 root
      lisent  ils lisent, they read (lire)                  legere
   /ly/  1 form, 1 spelling, 1 root
      lu      read, the participle (lire)                   legere
   under /li/: 7 forms, 5 spellings (lie, lis, lit, lies, lient), 4 roots

2. What the spellings of /li/ add to the sound: a silent ending, and nothing else
   lie     li + -e       silent
   lis     li + -s       silent
   lit     li + -t       silent
   lies    li + -es      silent
   lient   li + -ent     silent
   the near misses, out of the group because a letter of theirs is said:
   lisent  /liz/    ils lisent, they read (lire)
   lis     /lis/    le lis, the lily (also lys)
   lier    /lje/    to tie, the infinitive
   lié     /lje/    tied, the participle
   lu      /ly/     read, the participle (lire)
   one spelling, two sounds: lis is /li/ (I read) and /lis/ (the lily)

3. The present tense: six written forms, how many sounds?
   lire    6 spellings, 4 sounds: /li/ je lis, tu lis, il lit; /lizɔ̃/ nous lisons; /lize/ vous lisez; /liz/ ils lisent
           the commonest sound covers 3 of the 6 persons
   lier    6 spellings, 3 sounds: /li/ je lie, tu lies, il lie, ils lient; /ljɔ̃/ nous lions; /lje/ vous liez
           the commonest sound covers 4 of the 6 persons
   parler  6 spellings, 3 sounds: /paʁl/ je parle, tu parles, il parle, ils parlent; /paʁlɔ̃/ nous parlons; /paʁle/ vous parlez
           the commonest sound covers 4 of the 6 persons
   finir   6 spellings, 4 sounds: /fini/ je finis, tu finis, il finit; /finisɔ̃/ nous finissons; /finise/ vous finissez; /finis/ ils finissent
           the commonest sound covers 3 of the 6 persons
   être    6 spellings, 5 sounds: /sɥi/ je suis; /ɛ/ tu es, il est; /sɔm/ nous sommes; /ɛt/ vous êtes; /sɔ̃/ ils sont
           the commonest sound covers 2 of the 6 persons
   avoir   6 spellings, 5 sounds: /e/ j'ai; /a/ tu as, il a; /avɔ̃/ nous avons; /ave/ vous avez; /ɔ̃/ ils ont
           the commonest sound covers 2 of the 6 persons

4. What the word before a /li/ settles
   le   + /li/ : one reading          le lit /li/ bed; le lis /lis/ lily
   la   + /li/ : one reading          la lie /li/ dregs
   je   + /li/ : 2 readings of /li/   je lis /li/ lire; je lie /li/ lier
   tu   + /li/ : 2 readings of /li/   tu lis /li/ lire; tu lies /li/ lier
   il   + /li/ : 2 readings of /li/   il lit /li/ lire; il lie /li/ lier
   ils  + /li/ : one reading          ils lient /li/ lier; ils lisent /liz/ lire
   left open by the sound: je, tu, il; settled: the rest

5. More sets of the same kind, from ipa-dict
   /vɛʁ/  5 spellings: ver, vers, vert, verre, vair
   /sɛ̃/  5 spellings: sain, saint, sein, ceint, seing
   /sɑ̃/  5 spellings: cent, sang, sans, sent, s'en
   /pɛʁ/  5 spellings: père, pair, paire, perd, pers
   /ʃɛʁ/  4 spellings: cher, chère, chair, chaire
   /vwa/  4 spellings: voie, voix, vois, voit
   /vɛ̃/  4 spellings: vin, vingt, vain, vint
   /mɛ/   4 spellings: mais, mai, met, mets
   /tɑ̃/  4 spellings: tant, temps, tend, taon
   /so/   4 spellings: sot, seau, sceau, saut
   /kɑ̃/  4 spellings: quand, quant, camp, qu'en
   /o/    5 spellings: au, aux, eau, eaux, haut
   /ami/  4 spellings: ami, amie, amis, amies
   /ly/   5 spellings: lu, lue, lus, lues, lut
   /fwa/  3 spellings: foi, foie, fois
   /pɛ̃/  3 spellings: pain, pin, peint
   /pø/   3 spellings: peu, peut, peux
   /kɔ̃t/ 3 spellings: conte, compte, comte
   /mɛʁ/  3 spellings: mère, mer, maire
   /ku/   3 spellings: cou, coup, coût
   20 sounds, 80 spellings

6. Checks
   seven forms, five spellings, four roots say /li/:          True
   every /li/ spelling is li plus a silent ending:            True
   lis is /li/ as a verb and /lis/ as the lily:               True
   lier 4, lire 3, parler 4, finir 3, être 2, avoir 2 forms alike: True
   the article settles the noun, il je tu stay open:          True
   ils lisent and ils lient differ in sound:                  True
   every transcription uses Le Robert's symbols:              True
