1. The table, read back from the page
   rows: 106, with a transcription: 97
   symbols: 1230 in all, 31 distinct
   not in Le Robert's French inventory: -
   nasal vowels: ɑ̃ 21   ɛ̃ 1   ɔ̃ 14   œ̃ 4
   liaisons marked: z‿ 5

2. The book's brackets, relettered by the key and held to the page's IPA
   brackets typed from the book: 29
   agree with the page exactly:  24
   differ:                       5
   not found on the page:        0
   - Madame Renoir, Marie et Jean regardent les photos et les cartes.
       book [madam rənua:r mari e żã rəgard le fɔtɔ e le kart] -> /madam ʁənwaʁ maʁi e ʒɑ̃ ʁəɡaʁd le fɔtɔ e le kaʁt/, page /madam ʁənwaʁ, maʁi e ʒɑ̃ ʁəɡaʁd le fɔto e le kaʁt/: book ɔ, Le Robert o
   - Voici la photo de Suzanne, l’amie de Marie.
       book [wuasi la fɔtɔ də süzan lami də mari] -> /vwasi la fɔtɔ də syzan lami də maʁi/, page /vwasi la fɔto də syzan, lami də maʁi/: book ɔ, Le Robert o
   - Et voilà la photo de Pierre, le camarade de Jean.
       book [e wuala la fɔtɔ də pjɛ:r lə kamarad də żã] -> /e vwala la fɔtɔ də pjɛʁ lə kamaʁad də ʒɑ̃/, page /e vwala la fɔto də pjɛʁ, lə kamaʁad də ʒɑ̃/: book ɔ, Le Robert o
   - Voici Paris, la capitale de la France. Regarde la Tour Eiffel !
       book [wuasi pari la kapital də la frã:s rəgard la tu:r efɛl] -> /vwasi paʁi la kapital də la fʁɑ̃s ʁəɡaʁd la tuʁ efɛl/, page /vwasi paʁi, la kapital də la fʁɑ̃s. ʁəɡaʁd la tuʁ ɛfɛl/: book e, Le Robert ɛ
   - la Tour Eiffel
       book [la turefɛl] -> /la tuʁefɛl/, page /la tuʁ ɛfɛl/: book e, Le Robert ɛ

3. Checks
   every symbol on the page is a French phoneme:      True
   no stress mark and no length mark on the page:     True
   every bracket of the book was found on the page:   True
   the differences are only the final o of photo and the first vowel of Eiffel:  True
